
> my-new-blog@0.1.0 build
> next build

   Γû▓ Next.js 15.1.8

   Creating an optimized production build ...
npm : <w> [webpack.cache.PackFileCacheStrategy] Skipped not 
serializable cache item 'Compilation/modules|C:\Users\karim\D
esktop\idk\my-next-blog\node_modules\next\dist\build\webpack\
loaders\css-loader\src\index.js??ruleSet[1].rules[13].oneOf[1
0].use[2]!C:\Users\karim\Desktop\idk\my-next-blog\node_module
s\next\dist\build\webpack\loaders\postcss-loader\src\index.js
??ruleSet[1].rules[13].oneOf[10].use[3]!C:\Users\karim\Deskto
p\idk\my-next-blog\app\globals.css': No serializer 
registered for PostCSSSyntaxError
At line:1 char:1
+ npm run build > build_error.log 2>&1
+ ~~~~~~~~~~~~~~~~~~~~~~~~~~~~~~~~~~~~
    + CategoryInfo          : NotSpecified: (<w> [webpack.ca 
   ...tCSSSyntaxError:String) [], RemoteException
    + FullyQualifiedErrorId : NativeCommandError
 
<w> while serializing 
webpack/lib/cache/PackFileCacheStrategy.PackContentItems -> 
webpack/lib/NormalModule -> webpack/lib/ModuleBuildError -> 
PostCSSSyntaxError
Failed to compile.

./app/globals.css:54:5
Syntax error: 
C:\Users\karim\Desktop\idk\my-next-blog\app\globals.css The 
`bg-void-black/60` class does not exist. If 
`bg-void-black/60` is a custom class, make sure it is 
defined within a `@layer` directive.

 [90m 52 | [39m  [90m/* Vintage Glass Panel */[39m
 [90m 53 | [39m  [33m.glass-panel[39m [33m{[39m
[1m[31m>[39m[22m[90m 54 | [39m    [36m@apply[39m 
bg-void-black/60 backdrop-blur-md border border-brass/20 
relative transition-all duration-500 rounded-sm 
shadow-xl[33m;[39m
 [90m    | [39m    [1m[31m^[39m[22m
 [90m 55 | [39m  [33m}[39m
 [90m 56 | [39m

./app/globals.css
Syntax error: 
C:\Users\karim\Desktop\idk\my-next-blog\app\globals.css The 
`bg-void-black/60` class does not exist. If 
`bg-void-black/60` is a custom class, make sure it is 
defined within a `@layer` directive. (54:5)

 [90m 52 | [39m  [90m/* Vintage Glass Panel */[39m
 [90m 53 | [39m  [33m.glass-panel[39m [33m{[39m
[1m[31m>[39m[22m[90m 54 | [39m    [36m@apply[39m 
bg-void-black/60 backdrop-blur-md border border-brass/20 
relative transition-all duration-500 rounded-sm 
shadow-xl[33m;[39m
 [90m    | [39m    [1m[31m^[39m[22m
 [90m 55 | [39m  [33m}[39m
 [90m 56 | [39m

    at tryRunOrWebpackError (C:\Users\karim\Desktop\idk\my-ne
xt-blog\node_modules\next\dist\compiled\webpack\bundle5.js:28
:314962)
    at __webpack_require_module__ (C:\Users\karim\Desktop\idk
\my-next-blog\node_modules\next\dist\compiled\webpack\bundle5
.js:28:131434)
    at __nested_webpack_require_161179__ (C:\Users\karim\Desk
top\idk\my-next-blog\node_modules\next\dist\compiled\webpack\
bundle5.js:28:130872)
    at C:\Users\karim\Desktop\idk\my-next-blog\node_modules\n
ext\dist\compiled\webpack\bundle5.js:28:131723
    at symbolIterator (C:\Users\karim\Desktop\idk\my-next-blo
g\node_modules\next\dist\compiled\neo-async\async.js:1:14444)
    at done (C:\Users\karim\Desktop\idk\my-next-blog\node_mod
ules\next\dist\compiled\neo-async\async.js:1:14824)
    at Hook.eval [as callAsync] (eval at create (C:\Users\kar
im\Desktop\idk\my-next-blog\node_modules\next\dist\compiled\w
ebpack\bundle5.js:13:9218), <anonymous>:15:1)
    at Hook.CALL_ASYNC_DELEGATE [as _callAsync] (C:\Users\kar
im\Desktop\idk\my-next-blog\node_modules\next\dist\compiled\w
ebpack\bundle5.js:13:6372)
    at C:\Users\karim\Desktop\idk\my-next-blog\node_modules\n
ext\dist\compiled\webpack\bundle5.js:28:130593
    at symbolIterator (C:\Users\karim\Desktop\idk\my-next-blo
g\node_modules\next\dist\compiled\neo-async\async.js:1:14402)
-- inner error --
Syntax error: 
C:\Users\karim\Desktop\idk\my-next-blog\app\globals.css The 
`bg-void-black/60` class does not exist. If 
`bg-void-black/60` is a custom class, make sure it is 
defined within a `@layer` directive. (54:5)

 [90m 52 | [39m  [90m/* Vintage Glass Panel */[39m
 [90m 53 | [39m  [33m.glass-panel[39m [33m{[39m
[1m[31m>[39m[22m[90m 54 | [39m    [36m@apply[39m 
bg-void-black/60 backdrop-blur-md border border-brass/20 
relative transition-all duration-500 rounded-sm 
shadow-xl[33m;[39m
 [90m    | [39m    [1m[31m^[39m[22m
 [90m 55 | [39m  [33m}[39m
 [90m 56 | [39m

    at Object.<anonymous> (C:\Users\karim\Desktop\idk\my-next
-blog\node_modules\next\dist\build\webpack\loaders\css-loader
\src\index.js??ruleSet[1].rules[13].oneOf[10].use[2]!C:\Users
\karim\Desktop\idk\my-next-blog\node_modules\next\dist\build\
webpack\loaders\postcss-loader\src\index.js??ruleSet[1].rules
[13].oneOf[10].use[3]!C:\Users\karim\Desktop\idk\my-next-blog
\app\globals.css:1:7)
    at C:\Users\karim\Desktop\idk\my-next-blog\node_modules\n
ext\dist\compiled\webpack\bundle5.js:28:955548
    at Hook.eval [as call] (eval at create (C:\Users\karim\De
sktop\idk\my-next-blog\node_modules\next\dist\compiled\webpac
k\bundle5.js:13:8996), <anonymous>:7:1)
    at Hook.CALL_DELEGATE [as _call] (C:\Users\karim\Desktop\
idk\my-next-blog\node_modules\next\dist\compiled\webpack\bund
le5.js:13:6266)
    at C:\Users\karim\Desktop\idk\my-next-blog\node_modules\n
ext\dist\compiled\webpack\bundle5.js:28:131467
    at tryRunOrWebpackError (C:\Users\karim\Desktop\idk\my-ne
xt-blog\node_modules\next\dist\compiled\webpack\bundle5.js:28
:314916)
    at __webpack_require_module__ (C:\Users\karim\Desktop\idk
\my-next-blog\node_modules\next\dist\compiled\webpack\bundle5
.js:28:131434)
    at __nested_webpack_require_161179__ (C:\Users\karim\Desk
top\idk\my-next-blog\node_modules\next\dist\compiled\webpack\
bundle5.js:28:130872)
    at C:\Users\karim\Desktop\idk\my-next-blog\node_modules\n
ext\dist\compiled\webpack\bundle5.js:28:131723
    at symbolIterator (C:\Users\karim\Desktop\idk\my-next-blo
g\node_modules\next\dist\compiled\neo-async\async.js:1:14444)

Generated code for C:\Users\karim\Desktop\idk\my-next-blog\no
de_modules\next\dist\build\webpack\loaders\css-loader\src\ind
ex.js??ruleSet[1].rules[13].oneOf[10].use[2]!C:\Users\karim\D
esktop\idk\my-next-blog\node_modules\next\dist\build\webpack\
loaders\postcss-loader\src\index.js??ruleSet[1].rules[13].one
Of[10].use[3]!C:\Users\karim\Desktop\idk\my-next-blog\app\glo
bals.css

Import trace for requested module:
./app/globals.css


> Build failed because of webpack errors
